Analysis & Synthesis report for exp5
Wed Oct 23 11:01:28 2024
Quartus Prime Version 20.1.1 Build 720 11/11/2020 SJ Lite Edition


---------------------
; Table of Contents ;
---------------------
  1. Legal Notice
  2. Analysis & Synthesis Summary
  3. Analysis & Synthesis Settings
  4. Parallel Compilation
  5. Analysis & Synthesis Source Files Read
  6. Analysis & Synthesis Resource Usage Summary
  7. Analysis & Synthesis Resource Utilization by Entity
  8. State Machine - |interface_wheel|interface_wheel_uc:UC|state
  9. Registers Removed During Synthesis
 10. General Register Statistics
 11. Multiplexer Restructuring Statistics (Restructuring Performed)
 12. Parameter Settings for User Entity Instance: interface_wheel_uc:UC
 13. Parameter Settings for User Entity Instance: interface_wheel_fd:FD|registrador_n:regs1
 14. Parameter Settings for User Entity Instance: interface_wheel_fd:FD|contador_m:CONT_CW
 15. Parameter Settings for User Entity Instance: interface_wheel_fd:FD|contador_m:CONT_CWW
 16. Parameter Settings for User Entity Instance: interface_wheel_fd:FD|mux_4x1_n:mux_sentido
 17. Parameter Settings for User Entity Instance: registrador_n:regs_cw
 18. Parameter Settings for User Entity Instance: registrador_n:regs_cww
 19. Port Connectivity Checks: "interface_wheel_fd:FD|comparador_4bit:comp|comparador_1bit:BL3"
 20. Port Connectivity Checks: "interface_wheel_fd:FD|comparador_4bit:comp"
 21. Port Connectivity Checks: "interface_wheel_fd:FD|mux_4x1_n:mux_sentido"
 22. Port Connectivity Checks: "interface_wheel_fd:FD|contador_m:CONT_CWW"
 23. Port Connectivity Checks: "interface_wheel_fd:FD|contador_m:CONT_CW"
 24. Post-Synthesis Netlist Statistics for Top Partition
 25. Elapsed Time Per Partition
 26. Analysis & Synthesis Messages
 27. Analysis & Synthesis Suppressed Messages



----------------
; Legal Notice ;
----------------
Copyright (C) 2020  Intel Corporation. All rights reserved.
Your use of Intel Corporation's design tools, logic functions 
and other software and tools, and any partner logic 
functions, and any output files from any of the foregoing 
(including device programming or simulation files), and any 
associated documentation or information are expressly subject 
to the terms and conditions of the Intel Program License 
Subscription Agreement, the Intel Quartus Prime License Agreement,
the Intel FPGA IP License Agreement, or other applicable license
agreement, including, without limitation, that your use is for
the sole purpose of programming logic devices manufactured by
Intel and sold by Intel or its authorized distributors.  Please
refer to the applicable agreement for further details, at
https://fpgasoftware.intel.com/eula.



+-------------------------------------------------------------------------------+
; Analysis & Synthesis Summary                                                  ;
+---------------------------------+---------------------------------------------+
; Analysis & Synthesis Status     ; Successful - Wed Oct 23 11:01:28 2024       ;
; Quartus Prime Version           ; 20.1.1 Build 720 11/11/2020 SJ Lite Edition ;
; Revision Name                   ; exp5                                        ;
; Top-level Entity Name           ; interface_wheel                             ;
; Family                          ; Cyclone V                                   ;
; Logic utilization (in ALMs)     ; N/A                                         ;
; Total registers                 ; 24                                          ;
; Total pins                      ; 26                                          ;
; Total virtual pins              ; 0                                           ;
; Total block memory bits         ; 0                                           ;
; Total DSP Blocks                ; 0                                           ;
; Total HSSI RX PCSs              ; 0                                           ;
; Total HSSI PMA RX Deserializers ; 0                                           ;
; Total HSSI TX PCSs              ; 0                                           ;
; Total HSSI PMA TX Serializers   ; 0                                           ;
; Total PLLs                      ; 0                                           ;
; Total DLLs                      ; 0                                           ;
+---------------------------------+---------------------------------------------+


+---------------------------------------------------------------------------------------------------------------------------+
; Analysis & Synthesis Settings                                                                                             ;
+---------------------------------------------------------------------------------+--------------------+--------------------+
; Option                                                                          ; Setting            ; Default Value      ;
+---------------------------------------------------------------------------------+--------------------+--------------------+
; Device                                                                          ; 5CEBA4F23C7        ;                    ;
; Top-level entity name                                                           ; interface_wheel    ; exp5               ;
; Family name                                                                     ; Cyclone V          ; Cyclone V          ;
; Use smart compilation                                                           ; Off                ; Off                ;
; Enable parallel Assembler and Timing Analyzer during compilation                ; On                 ; On                 ;
; Enable compact report table                                                     ; Off                ; Off                ;
; Restructure Multiplexers                                                        ; Auto               ; Auto               ;
; MLAB Add Timing Constraints For Mixed-Port Feed-Through Mode Setting Don't Care ; Off                ; Off                ;
; Create Debugging Nodes for IP Cores                                             ; Off                ; Off                ;
; Preserve fewer node names                                                       ; On                 ; On                 ;
; Intel FPGA IP Evaluation Mode                                                   ; Enable             ; Enable             ;
; Verilog Version                                                                 ; Verilog_2001       ; Verilog_2001       ;
; VHDL Version                                                                    ; VHDL_1993          ; VHDL_1993          ;
; State Machine Processing                                                        ; Auto               ; Auto               ;
; Safe State Machine                                                              ; Off                ; Off                ;
; Extract Verilog State Machines                                                  ; On                 ; On                 ;
; Extract VHDL State Machines                                                     ; On                 ; On                 ;
; Ignore Verilog initial constructs                                               ; Off                ; Off                ;
; Iteration limit for constant Verilog loops                                      ; 5000               ; 5000               ;
; Iteration limit for non-constant Verilog loops                                  ; 250                ; 250                ;
; Add Pass-Through Logic to Inferred RAMs                                         ; On                 ; On                 ;
; Infer RAMs from Raw Logic                                                       ; On                 ; On                 ;
; Parallel Synthesis                                                              ; On                 ; On                 ;
; DSP Block Balancing                                                             ; Auto               ; Auto               ;
; NOT Gate Push-Back                                                              ; On                 ; On                 ;
; Power-Up Don't Care                                                             ; On                 ; On                 ;
; Remove Redundant Logic Cells                                                    ; Off                ; Off                ;
; Remove Duplicate Registers                                                      ; On                 ; On                 ;
; Ignore CARRY Buffers                                                            ; Off                ; Off                ;
; Ignore CASCADE Buffers                                                          ; Off                ; Off                ;
; Ignore GLOBAL Buffers                                                           ; Off                ; Off                ;
; Ignore ROW GLOBAL Buffers                                                       ; Off                ; Off                ;
; Ignore LCELL Buffers                                                            ; Off                ; Off                ;
; Ignore SOFT Buffers                                                             ; On                 ; On                 ;
; Limit AHDL Integers to 32 Bits                                                  ; Off                ; Off                ;
; Optimization Technique                                                          ; Balanced           ; Balanced           ;
; Carry Chain Length                                                              ; 70                 ; 70                 ;
; Auto Carry Chains                                                               ; On                 ; On                 ;
; Auto Open-Drain Pins                                                            ; On                 ; On                 ;
; Perform WYSIWYG Primitive Resynthesis                                           ; Off                ; Off                ;
; Auto ROM Replacement                                                            ; On                 ; On                 ;
; Auto RAM Replacement                                                            ; On                 ; On                 ;
; Auto DSP Block Replacement                                                      ; On                 ; On                 ;
; Auto Shift Register Replacement                                                 ; Auto               ; Auto               ;
; Allow Shift Register Merging across Hierarchies                                 ; Auto               ; Auto               ;
; Auto Clock Enable Replacement                                                   ; On                 ; On                 ;
; Strict RAM Replacement                                                          ; Off                ; Off                ;
; Allow Synchronous Control Signals                                               ; On                 ; On                 ;
; Force Use of Synchronous Clear Signals                                          ; Off                ; Off                ;
; Auto Resource Sharing                                                           ; Off                ; Off                ;
; Allow Any RAM Size For Recognition                                              ; Off                ; Off                ;
; Allow Any ROM Size For Recognition                                              ; Off                ; Off                ;
; Allow Any Shift Register Size For Recognition                                   ; Off                ; Off                ;
; Use LogicLock Constraints during Resource Balancing                             ; On                 ; On                 ;
; Ignore translate_off and synthesis_off directives                               ; Off                ; Off                ;
; Timing-Driven Synthesis                                                         ; On                 ; On                 ;
; Report Parameter Settings                                                       ; On                 ; On                 ;
; Report Source Assignments                                                       ; On                 ; On                 ;
; Report Connectivity Checks                                                      ; On                 ; On                 ;
; Ignore Maximum Fan-Out Assignments                                              ; Off                ; Off                ;
; Synchronization Register Chain Length                                           ; 3                  ; 3                  ;
; Power Optimization During Synthesis                                             ; Normal compilation ; Normal compilation ;
; HDL message level                                                               ; Level2             ; Level2             ;
; Suppress Register Optimization Related Messages                                 ; Off                ; Off                ;
; Number of Removed Registers Reported in Synthesis Report                        ; 5000               ; 5000               ;
; Number of Swept Nodes Reported in Synthesis Report                              ; 5000               ; 5000               ;
; Number of Inverted Registers Reported in Synthesis Report                       ; 100                ; 100                ;
; Clock MUX Protection                                                            ; On                 ; On                 ;
; Auto Gated Clock Conversion                                                     ; Off                ; Off                ;
; Block Design Naming                                                             ; Auto               ; Auto               ;
; SDC constraint protection                                                       ; Off                ; Off                ;
; Synthesis Effort                                                                ; Auto               ; Auto               ;
; Shift Register Replacement - Allow Asynchronous Clear Signal                    ; On                 ; On                 ;
; Pre-Mapping Resynthesis Optimization                                            ; Off                ; Off                ;
; Analysis & Synthesis Message Level                                              ; Medium             ; Medium             ;
; Disable Register Merging Across Hierarchies                                     ; Auto               ; Auto               ;
; Resource Aware Inference For Block RAM                                          ; On                 ; On                 ;
; Automatic Parallel Synthesis                                                    ; On                 ; On                 ;
; Partial Reconfiguration Bitstream ID                                            ; Off                ; Off                ;
+---------------------------------------------------------------------------------+--------------------+--------------------+


+------------------------------------------+
; Parallel Compilation                     ;
+----------------------------+-------------+
; Processors                 ; Number      ;
+----------------------------+-------------+
; Number detected on machine ; 8           ;
; Maximum allowed            ; 4           ;
;                            ;             ;
; Average used               ; 1.00        ;
; Maximum used               ; 4           ;
;                            ;             ;
; Usage by Processor         ; % Time Used ;
;     Processor 1            ; 100.0%      ;
;     Processor 2            ;   0.0%      ;
;     Processors 3-4         ;   0.0%      ;
+----------------------------+-------------+


+----------------------------------------------------------------------------------------------------------------------------------------------------------------------------------------+
; Analysis & Synthesis Source Files Read                                                                                                                                                 ;
+----------------------------------+-----------------+------------------------+------------------------------------------------------------------------------------------------+---------+
; File Name with User-Entered Path ; Used in Netlist ; File Type              ; File Name with Absolute Path                                                                   ; Library ;
+----------------------------------+-----------------+------------------------+------------------------------------------------------------------------------------------------+---------+
; interface_wheel_uc.v             ; yes             ; User Verilog HDL File  ; /home/lena/Lab-DigII/repo/LabDigII/Cyclone_Cruiser/Qar/semana1_1_restored/interface_wheel_uc.v ;         ;
; interface_wheel_fd.v             ; yes             ; User Verilog HDL File  ; /home/lena/Lab-DigII/repo/LabDigII/Cyclone_Cruiser/Qar/semana1_1_restored/interface_wheel_fd.v ;         ;
; interface_wheel.v                ; yes             ; User Verilog HDL File  ; /home/lena/Lab-DigII/repo/LabDigII/Cyclone_Cruiser/Qar/semana1_1_restored/interface_wheel.v    ;         ;
; registrador_n.v                  ; yes             ; User Verilog HDL File  ; /home/lena/Lab-DigII/repo/LabDigII/Cyclone_Cruiser/Qar/semana1_1_restored/registrador_n.v      ;         ;
; mux_4x1_n.v                      ; yes             ; User Verilog HDL File  ; /home/lena/Lab-DigII/repo/LabDigII/Cyclone_Cruiser/Qar/semana1_1_restored/mux_4x1_n.v          ;         ;
; hexa7seg.v                       ; yes             ; User Verilog HDL File  ; /home/lena/Lab-DigII/repo/LabDigII/Cyclone_Cruiser/Qar/semana1_1_restored/hexa7seg.v           ;         ;
; contador_m.v                     ; yes             ; User Verilog HDL File  ; /home/lena/Lab-DigII/repo/LabDigII/Cyclone_Cruiser/Qar/semana1_1_restored/contador_m.v         ;         ;
; comparador_4bit.v                ; yes             ; User Verilog HDL File  ; /home/lena/Lab-DigII/repo/LabDigII/Cyclone_Cruiser/Qar/semana1_1_restored/comparador_4bit.v    ;         ;
; comparador_1bit.v                ; yes             ; User Verilog HDL File  ; /home/lena/Lab-DigII/repo/LabDigII/Cyclone_Cruiser/Qar/semana1_1_restored/comparador_1bit.v    ;         ;
+----------------------------------+-----------------+------------------------+------------------------------------------------------------------------------------------------+---------+


+-----------------------------------------------------------+
; Analysis & Synthesis Resource Usage Summary               ;
+---------------------------------------------+-------------+
; Resource                                    ; Usage       ;
+---------------------------------------------+-------------+
; Estimate of Logic utilization (ALMs needed) ; 18          ;
;                                             ;             ;
; Combinational ALUT usage for logic          ; 34          ;
;     -- 7 input functions                    ; 0           ;
;     -- 6 input functions                    ; 1           ;
;     -- 5 input functions                    ; 5           ;
;     -- 4 input functions                    ; 16          ;
;     -- <=3 input functions                  ; 12          ;
;                                             ;             ;
; Dedicated logic registers                   ; 24          ;
;                                             ;             ;
; I/O pins                                    ; 26          ;
;                                             ;             ;
; Total DSP Blocks                            ; 0           ;
;                                             ;             ;
; Maximum fan-out node                        ; reset~input ;
; Maximum fan-out                             ; 26          ;
; Total fan-out                               ; 247         ;
; Average fan-out                             ; 2.25        ;
+---------------------------------------------+-------------+


+-----------------------------------------------------------------------------------------------------------------------------------------------------------------------------------------------------------------------------------------+
; Analysis & Synthesis Resource Utilization by Entity                                                                                                                                                                                     ;
+------------------------------+---------------------+---------------------------+-------------------+------------+------+--------------+-------------------------------------------------------------+--------------------+--------------+
; Compilation Hierarchy Node   ; Combinational ALUTs ; Dedicated Logic Registers ; Block Memory Bits ; DSP Blocks ; Pins ; Virtual Pins ; Full Hierarchy Name                                         ; Entity Name        ; Library Name ;
+------------------------------+---------------------+---------------------------+-------------------+------------+------+--------------+-------------------------------------------------------------+--------------------+--------------+
; |interface_wheel             ; 34 (0)              ; 24 (0)                    ; 0                 ; 0          ; 26   ; 0            ; |interface_wheel                                            ; interface_wheel    ; work         ;
;    |hexa7seg:HEX_0|          ; 7 (7)               ; 0 (0)                     ; 0                 ; 0          ; 0    ; 0            ; |interface_wheel|hexa7seg:HEX_0                             ; hexa7seg           ; work         ;
;    |interface_wheel_fd:FD|   ; 17 (5)              ; 12 (0)                    ; 0                 ; 0          ; 0    ; 0            ; |interface_wheel|interface_wheel_fd:FD                      ; interface_wheel_fd ; work         ;
;       |comparador_4bit:comp| ; 2 (2)               ; 0 (0)                     ; 0                 ; 0          ; 0    ; 0            ; |interface_wheel|interface_wheel_fd:FD|comparador_4bit:comp ; comparador_4bit    ; work         ;
;       |contador_m:CONT_CWW|  ; 5 (5)               ; 4 (4)                     ; 0                 ; 0          ; 0    ; 0            ; |interface_wheel|interface_wheel_fd:FD|contador_m:CONT_CWW  ; contador_m         ; work         ;
;       |contador_m:CONT_CW|   ; 5 (5)               ; 4 (4)                     ; 0                 ; 0          ; 0    ; 0            ; |interface_wheel|interface_wheel_fd:FD|contador_m:CONT_CW   ; contador_m         ; work         ;
;       |registrador_n:regs1|  ; 0 (0)               ; 4 (4)                     ; 0                 ; 0          ; 0    ; 0            ; |interface_wheel|interface_wheel_fd:FD|registrador_n:regs1  ; registrador_n      ; work         ;
;    |interface_wheel_uc:UC|   ; 10 (10)             ; 10 (10)                   ; 0                 ; 0          ; 0    ; 0            ; |interface_wheel|interface_wheel_uc:UC                      ; interface_wheel_uc ; work         ;
;    |registrador_n:regs_cww|  ; 0 (0)               ; 1 (1)                     ; 0                 ; 0          ; 0    ; 0            ; |interface_wheel|registrador_n:regs_cww                     ; registrador_n      ; work         ;
;    |registrador_n:regs_cw|   ; 0 (0)               ; 1 (1)                     ; 0                 ; 0          ; 0    ; 0            ; |interface_wheel|registrador_n:regs_cw                      ; registrador_n      ; work         ;
+------------------------------+---------------------+---------------------------+-------------------+------------+------+--------------+-------------------------------------------------------------+--------------------+--------------+
Note: For table entries with two numbers listed, the numbers in parentheses indicate the number of resources of the given type used by the specific entity alone. The numbers listed outside of parentheses indicate the total resources of the given type used by the specific entity and all of its sub-entities in the hierarchy.


Encoding Type:  One-Hot
+------------------------------------------------------------------------------------------------------------------------------------------------------+
; State Machine - |interface_wheel|interface_wheel_uc:UC|state                                                                                         ;
+-------------------+------------------+-------------------+-------------------+-----------------+------------------+------------------+---------------+
; Name              ; state.R_CCW_NEXT ; state.R_CCW_FINAL ; state.R_CCW_BEGIN ; state.R_CW_NEXT ; state.R_CW_BEGIN ; state.R_CW_FINAL ; state.R_START ;
+-------------------+------------------+-------------------+-------------------+-----------------+------------------+------------------+---------------+
; state.R_START     ; 0                ; 0                 ; 0                 ; 0               ; 0                ; 0                ; 0             ;
; state.R_CW_FINAL  ; 0                ; 0                 ; 0                 ; 0               ; 0                ; 1                ; 1             ;
; state.R_CW_BEGIN  ; 0                ; 0                 ; 0                 ; 0               ; 1                ; 0                ; 1             ;
; state.R_CW_NEXT   ; 0                ; 0                 ; 0                 ; 1               ; 0                ; 0                ; 1             ;
; state.R_CCW_BEGIN ; 0                ; 0                 ; 1                 ; 0               ; 0                ; 0                ; 1             ;
; state.R_CCW_FINAL ; 0                ; 1                 ; 0                 ; 0               ; 0                ; 0                ; 1             ;
; state.R_CCW_NEXT  ; 1                ; 0                 ; 0                 ; 0               ; 0                ; 0                ; 1             ;
+-------------------+------------------+-------------------+-------------------+-----------------+------------------+------------------+---------------+


+------------------------------------------------------------+
; Registers Removed During Synthesis                         ;
+---------------------------------------+--------------------+
; Register name                         ; Reason for Removal ;
+---------------------------------------+--------------------+
; interface_wheel_uc:UC|state~4         ; Lost fanout        ;
; interface_wheel_uc:UC|state~5         ; Lost fanout        ;
; interface_wheel_uc:UC|state~6         ; Lost fanout        ;
; Total Number of Removed Registers = 3 ;                    ;
+---------------------------------------+--------------------+


+------------------------------------------------------+
; General Register Statistics                          ;
+----------------------------------------------+-------+
; Statistic                                    ; Value ;
+----------------------------------------------+-------+
; Total registers                              ; 24    ;
; Number of registers using Synchronous Clear  ; 0     ;
; Number of registers using Synchronous Load   ; 0     ;
; Number of registers using Asynchronous Clear ; 16    ;
; Number of registers using Asynchronous Load  ; 0     ;
; Number of registers using Clock Enable       ; 14    ;
; Number of registers using Preset             ; 0     ;
+----------------------------------------------+-------+


+-------------------------------------------------------------------------------------------------------------------------------------------------------------------------------+
; Multiplexer Restructuring Statistics (Restructuring Performed)                                                                                                                ;
+--------------------+-----------+---------------+----------------------+------------------------+------------+-----------------------------------------------------------------+
; Multiplexer Inputs ; Bus Width ; Baseline Area ; Area if Restructured ; Saving if Restructured ; Registered ; Example Multiplexer Output                                      ;
+--------------------+-----------+---------------+----------------------+------------------------+------------+-----------------------------------------------------------------+
; 4:1                ; 4 bits    ; 8 LEs         ; 8 LEs                ; 0 LEs                  ; Yes        ; |interface_wheel|interface_wheel_fd:FD|contador_m:CONT_CW|Q[0]  ;
; 4:1                ; 4 bits    ; 8 LEs         ; 8 LEs                ; 0 LEs                  ; Yes        ; |interface_wheel|interface_wheel_fd:FD|contador_m:CONT_CWW|Q[0] ;
+--------------------+-----------+---------------+----------------------+------------------------+------------+-----------------------------------------------------------------+


+--------------------------------------------------------------------+
; Parameter Settings for User Entity Instance: interface_wheel_uc:UC ;
+----------------+-------+-------------------------------------------+
; Parameter Name ; Value ; Type                                      ;
+----------------+-------+-------------------------------------------+
; R_START        ; 000   ; Unsigned Binary                           ;
; R_CW_FINAL     ; 001   ; Unsigned Binary                           ;
; R_CW_BEGIN     ; 010   ; Unsigned Binary                           ;
; R_CW_NEXT      ; 011   ; Unsigned Binary                           ;
; R_CCW_BEGIN    ; 100   ; Unsigned Binary                           ;
; R_CCW_FINAL    ; 101   ; Unsigned Binary                           ;
; R_CCW_NEXT     ; 110   ; Unsigned Binary                           ;
+----------------+-------+-------------------------------------------+
Note: In order to hide this table in the UI and the text report file, please set the "Show Parameter Settings in Synthesis Report" option in "Analysis and Synthesis Settings -> More Settings" to "Off".


+----------------------------------------------------------------------------------------+
; Parameter Settings for User Entity Instance: interface_wheel_fd:FD|registrador_n:regs1 ;
+----------------+-------+---------------------------------------------------------------+
; Parameter Name ; Value ; Type                                                          ;
+----------------+-------+---------------------------------------------------------------+
; N              ; 4     ; Signed Integer                                                ;
+----------------+-------+---------------------------------------------------------------+
Note: In order to hide this table in the UI and the text report file, please set the "Show Parameter Settings in Synthesis Report" option in "Analysis and Synthesis Settings -> More Settings" to "Off".


+---------------------------------------------------------------------------------------+
; Parameter Settings for User Entity Instance: interface_wheel_fd:FD|contador_m:CONT_CW ;
+----------------+-------+--------------------------------------------------------------+
; Parameter Name ; Value ; Type                                                         ;
+----------------+-------+--------------------------------------------------------------+
; M              ; 8     ; Signed Integer                                               ;
; N              ; 4     ; Signed Integer                                               ;
+----------------+-------+--------------------------------------------------------------+
Note: In order to hide this table in the UI and the text report file, please set the "Show Parameter Settings in Synthesis Report" option in "Analysis and Synthesis Settings -> More Settings" to "Off".


+----------------------------------------------------------------------------------------+
; Parameter Settings for User Entity Instance: interface_wheel_fd:FD|contador_m:CONT_CWW ;
+----------------+-------+---------------------------------------------------------------+
; Parameter Name ; Value ; Type                                                          ;
+----------------+-------+---------------------------------------------------------------+
; M              ; 8     ; Signed Integer                                                ;
; N              ; 4     ; Signed Integer                                                ;
+----------------+-------+---------------------------------------------------------------+
Note: In order to hide this table in the UI and the text report file, please set the "Show Parameter Settings in Synthesis Report" option in "Analysis and Synthesis Settings -> More Settings" to "Off".


+------------------------------------------------------------------------------------------+
; Parameter Settings for User Entity Instance: interface_wheel_fd:FD|mux_4x1_n:mux_sentido ;
+----------------+-------+-----------------------------------------------------------------+
; Parameter Name ; Value ; Type                                                            ;
+----------------+-------+-----------------------------------------------------------------+
; BITS           ; 4     ; Signed Integer                                                  ;
+----------------+-------+-----------------------------------------------------------------+
Note: In order to hide this table in the UI and the text report file, please set the "Show Parameter Settings in Synthesis Report" option in "Analysis and Synthesis Settings -> More Settings" to "Off".


+--------------------------------------------------------------------+
; Parameter Settings for User Entity Instance: registrador_n:regs_cw ;
+----------------+-------+-------------------------------------------+
; Parameter Name ; Value ; Type                                      ;
+----------------+-------+-------------------------------------------+
; N              ; 1     ; Signed Integer                            ;
+----------------+-------+-------------------------------------------+
Note: In order to hide this table in the UI and the text report file, please set the "Show Parameter Settings in Synthesis Report" option in "Analysis and Synthesis Settings -> More Settings" to "Off".


+---------------------------------------------------------------------+
; Parameter Settings for User Entity Instance: registrador_n:regs_cww ;
+----------------+-------+--------------------------------------------+
; Parameter Name ; Value ; Type                                       ;
+----------------+-------+--------------------------------------------+
; N              ; 1     ; Signed Integer                             ;
+----------------+-------+--------------------------------------------+
Note: In order to hide this table in the UI and the text report file, please set the "Show Parameter Settings in Synthesis Report" option in "Analysis and Synthesis Settings -> More Settings" to "Off".


+-----------------------------------------------------------------------------------------------------------------------------------------------------------------------------------------------------------------+
; Port Connectivity Checks: "interface_wheel_fd:FD|comparador_4bit:comp|comparador_1bit:BL3"                                                                                                                      ;
+---------+-------+----------+------------------------------------------------------------------------------------------------------------------------------------------------------------------------------------+
; Port    ; Type  ; Severity ; Details                                                                                                                                                                            ;
+---------+-------+----------+------------------------------------------------------------------------------------------------------------------------------------------------------------------------------------+
; HAB     ; Input ; Warning  ; Input port expression (32 bits) is wider than the input port (1 bits) it drives.  The 31 most-significant bit(s) in the expression will be dangling if they have no other fanouts. ;
; HAB[-1] ; Input ; Info     ; Stuck at VCC                                                                                                                                                                       ;
+---------+-------+----------+------------------------------------------------------------------------------------------------------------------------------------------------------------------------------------+


+--------------------------------------------------------------------------------------------------------------------------------------+
; Port Connectivity Checks: "interface_wheel_fd:FD|comparador_4bit:comp"                                                               ;
+-------+--------+----------+----------------------------------------------------------------------------------------------------------+
; Port  ; Type   ; Severity ; Details                                                                                                  ;
+-------+--------+----------+----------------------------------------------------------------------------------------------------------+
; igual ; Output ; Warning  ; Declared by entity but not connected by instance. Logic that only feeds a dangling port will be removed. ;
; maior ; Output ; Warning  ; Declared by entity but not connected by instance. Logic that only feeds a dangling port will be removed. ;
+-------+--------+----------+----------------------------------------------------------------------------------------------------------+


+-------------------------------------------------------------------------+
; Port Connectivity Checks: "interface_wheel_fd:FD|mux_4x1_n:mux_sentido" ;
+--------+-------+----------+---------------------------------------------+
; Port   ; Type  ; Severity ; Details                                     ;
+--------+-------+----------+---------------------------------------------+
; D3     ; Input ; Info     ; Explicitly unconnected                      ;
; D2     ; Input ; Info     ; Explicitly unconnected                      ;
; SEL[1] ; Input ; Info     ; Stuck at GND                                ;
+--------+-------+----------+---------------------------------------------+


+-----------------------------------------------------------------------+
; Port Connectivity Checks: "interface_wheel_fd:FD|contador_m:CONT_CWW" ;
+---------+--------+----------+-----------------------------------------+
; Port    ; Type   ; Severity ; Details                                 ;
+---------+--------+----------+-----------------------------------------+
; zera_as ; Input  ; Info     ; Stuck at GND                            ;
; fim     ; Output ; Info     ; Explicitly unconnected                  ;
; meio    ; Output ; Info     ; Explicitly unconnected                  ;
+---------+--------+----------+-----------------------------------------+


+----------------------------------------------------------------------+
; Port Connectivity Checks: "interface_wheel_fd:FD|contador_m:CONT_CW" ;
+---------+--------+----------+----------------------------------------+
; Port    ; Type   ; Severity ; Details                                ;
+---------+--------+----------+----------------------------------------+
; zera_as ; Input  ; Info     ; Stuck at GND                           ;
; fim     ; Output ; Info     ; Explicitly unconnected                 ;
; meio    ; Output ; Info     ; Explicitly unconnected                 ;
+---------+--------+----------+----------------------------------------+


+-----------------------------------------------------+
; Post-Synthesis Netlist Statistics for Top Partition ;
+-----------------------+-----------------------------+
; Type                  ; Count                       ;
+-----------------------+-----------------------------+
; arriav_ff             ; 24                          ;
;     CLR               ; 10                          ;
;     ENA               ; 8                           ;
;     ENA CLR           ; 6                           ;
; arriav_lcell_comb     ; 37                          ;
;     arith             ; 5                           ;
;         0 data inputs ; 1                           ;
;         3 data inputs ; 4                           ;
;     normal            ; 32                          ;
;         0 data inputs ; 1                           ;
;         1 data inputs ; 2                           ;
;         2 data inputs ; 4                           ;
;         3 data inputs ; 3                           ;
;         4 data inputs ; 16                          ;
;         5 data inputs ; 5                           ;
;         6 data inputs ; 1                           ;
; boundary_port         ; 26                          ;
;                       ;                             ;
; Max LUT depth         ; 3.30                        ;
; Average LUT depth     ; 1.56                        ;
+-----------------------+-----------------------------+


+-------------------------------+
; Elapsed Time Per Partition    ;
+----------------+--------------+
; Partition Name ; Elapsed Time ;
+----------------+--------------+
; Top            ; 00:00:00     ;
+----------------+--------------+


+-------------------------------+
; Analysis & Synthesis Messages ;
+-------------------------------+
Info: *******************************************************************
Info: Running Quartus Prime Analysis & Synthesis
    Info: Version 20.1.1 Build 720 11/11/2020 SJ Lite Edition
    Info: Processing started: Wed Oct 23 11:01:21 2024
Info: Command: quartus_map --read_settings_files=on --write_settings_files=off exp5 -c exp5
Warning (18236): Number of processors has not been specified which may cause overloading on shared machines.  Set the global assignment NUM_PARALLEL_PROCESSORS in your QSF to an appropriate value for best performance.
Info (20030): Parallel compilation is enabled and will use 4 of the 4 processors detected
Info (12021): Found 1 design units, including 1 entities, in source file interface_wheel_uc.v
    Info (12023): Found entity 1: interface_wheel_uc File: /home/lena/Lab-DigII/repo/LabDigII/Cyclone_Cruiser/Qar/semana1_1_restored/interface_wheel_uc.v Line: 1
Info (12021): Found 1 design units, including 1 entities, in source file interface_wheel_fd.v
    Info (12023): Found entity 1: interface_wheel_fd File: /home/lena/Lab-DigII/repo/LabDigII/Cyclone_Cruiser/Qar/semana1_1_restored/interface_wheel_fd.v Line: 1
Info (12021): Found 1 design units, including 1 entities, in source file interface_wheel.v
    Info (12023): Found entity 1: interface_wheel File: /home/lena/Lab-DigII/repo/LabDigII/Cyclone_Cruiser/Qar/semana1_1_restored/interface_wheel.v Line: 1
Info (12021): Found 1 design units, including 1 entities, in source file ascii_to_bin.v
    Info (12023): Found entity 1: ascii_to_bin File: /home/lena/Lab-DigII/repo/LabDigII/Cyclone_Cruiser/Qar/semana1_1_restored/ascii_to_bin.v Line: 1
Info (12021): Found 1 design units, including 1 entities, in source file sonar_tb.v
    Info (12023): Found entity 1: sonar_tb File: /home/lena/Lab-DigII/repo/LabDigII/Cyclone_Cruiser/Qar/semana1_1_restored/sonar_tb.v Line: 3
Info (12021): Found 1 design units, including 1 entities, in source file contadorg_updown_m.v
    Info (12023): Found entity 1: contadorg_updown_m File: /home/lena/Lab-DigII/repo/LabDigII/Cyclone_Cruiser/Qar/semana1_1_restored/contadorg_updown_m.v Line: 5
Info (12021): Found 1 design units, including 1 entities, in source file tx_serial_uc.v
    Info (12023): Found entity 1: tx_serial_uc File: /home/lena/Lab-DigII/repo/LabDigII/Cyclone_Cruiser/Qar/semana1_1_restored/tx_serial_uc.v Line: 16
Info (12021): Found 1 design units, including 1 entities, in source file tx_serial_7O1_fd.v
    Info (12023): Found entity 1: tx_serial_7O1_fd File: /home/lena/Lab-DigII/repo/LabDigII/Cyclone_Cruiser/Qar/semana1_1_restored/tx_serial_7O1_fd.v Line: 5
Info (12021): Found 1 design units, including 1 entities, in source file tx_serial_7O1.v
    Info (12023): Found entity 1: tx_serial_7O1 File: /home/lena/Lab-DigII/repo/LabDigII/Cyclone_Cruiser/Qar/semana1_1_restored/tx_serial_7O1.v Line: 5
Info (12021): Found 1 design units, including 1 entities, in source file trena_digital_uc.v
    Info (12023): Found entity 1: trena_digital_uc File: /home/lena/Lab-DigII/repo/LabDigII/Cyclone_Cruiser/Qar/semana1_1_restored/trena_digital_uc.v Line: 1
Info (12021): Found 1 design units, including 1 entities, in source file trena_digital_fd.v
    Info (12023): Found entity 1: trena_digital_fd File: /home/lena/Lab-DigII/repo/LabDigII/Cyclone_Cruiser/Qar/semana1_1_restored/trena_digital_fd.v Line: 1
Info (12021): Found 1 design units, including 1 entities, in source file sonar.v
    Info (12023): Found entity 1: sonar File: /home/lena/Lab-DigII/repo/LabDigII/Cyclone_Cruiser/Qar/semana1_1_restored/sonar.v Line: 1
Info (12021): Found 1 design units, including 1 entities, in source file rom_angulos_8x24.v
    Info (12023): Found entity 1: rom_angulos_8x24 File: /home/lena/Lab-DigII/repo/LabDigII/Cyclone_Cruiser/Qar/semana1_1_restored/rom_angulos_8x24.v Line: 5
Info (12021): Found 1 design units, including 1 entities, in source file registrador_n.v
    Info (12023): Found entity 1: registrador_n File: /home/lena/Lab-DigII/repo/LabDigII/Cyclone_Cruiser/Qar/semana1_1_restored/registrador_n.v Line: 17
Info (12021): Found 1 design units, including 1 entities, in source file mux_4x1_n.v
    Info (12023): Found entity 1: mux_4x1_n File: /home/lena/Lab-DigII/repo/LabDigII/Cyclone_Cruiser/Qar/semana1_1_restored/mux_4x1_n.v Line: 17
Info (12021): Found 1 design units, including 1 entities, in source file interface_hcsr04_uc.v
    Info (12023): Found entity 1: interface_hcsr04_uc File: /home/lena/Lab-DigII/repo/LabDigII/Cyclone_Cruiser/Qar/semana1_1_restored/interface_hcsr04_uc.v Line: 14
Info (12021): Found 1 design units, including 1 entities, in source file interface_hcsr04_fd.v
    Info (12023): Found entity 1: interface_hcsr04_fd File: /home/lena/Lab-DigII/repo/LabDigII/Cyclone_Cruiser/Qar/semana1_1_restored/interface_hcsr04_fd.v Line: 14
Info (12021): Found 1 design units, including 1 entities, in source file interface_hcsr04.v
    Info (12023): Found entity 1: interface_hcsr04 File: /home/lena/Lab-DigII/repo/LabDigII/Cyclone_Cruiser/Qar/semana1_1_restored/interface_hcsr04.v Line: 13
Info (12021): Found 1 design units, including 1 entities, in source file hexa7seg.v
    Info (12023): Found entity 1: hexa7seg File: /home/lena/Lab-DigII/repo/LabDigII/Cyclone_Cruiser/Qar/semana1_1_restored/hexa7seg.v Line: 22
Info (12021): Found 1 design units, including 1 entities, in source file gerador_pulso.v
    Info (12023): Found entity 1: gerador_pulso File: /home/lena/Lab-DigII/repo/LabDigII/Cyclone_Cruiser/Qar/semana1_1_restored/gerador_pulso.v Line: 14
Info (12021): Found 1 design units, including 1 entities, in source file edge_detector.v
    Info (12023): Found entity 1: edge_detector File: /home/lena/Lab-DigII/repo/LabDigII/Cyclone_Cruiser/Qar/semana1_1_restored/edge_detector.v Line: 19
Info (12021): Found 1 design units, including 1 entities, in source file deslocador_n.v
    Info (12023): Found entity 1: deslocador_n File: /home/lena/Lab-DigII/repo/LabDigII/Cyclone_Cruiser/Qar/semana1_1_restored/deslocador_n.v Line: 15
Info (12021): Found 1 design units, including 1 entities, in source file contador_m.v
    Info (12023): Found entity 1: contador_m File: /home/lena/Lab-DigII/repo/LabDigII/Cyclone_Cruiser/Qar/semana1_1_restored/contador_m.v Line: 16
Info (12021): Found 1 design units, including 1 entities, in source file contador_cm_uc.v
    Info (12023): Found entity 1: contador_cm_uc File: /home/lena/Lab-DigII/repo/LabDigII/Cyclone_Cruiser/Qar/semana1_1_restored/contador_cm_uc.v Line: 16
Info (12021): Found 1 design units, including 1 entities, in source file contador_cm_fd.v
    Info (12023): Found entity 1: contador_cm_fd File: /home/lena/Lab-DigII/repo/LabDigII/Cyclone_Cruiser/Qar/semana1_1_restored/contador_cm_fd.v Line: 15
Info (12021): Found 1 design units, including 1 entities, in source file contador_cm.v
    Info (12023): Found entity 1: contador_cm File: /home/lena/Lab-DigII/repo/LabDigII/Cyclone_Cruiser/Qar/semana1_1_restored/contador_cm.v Line: 15
Info (12021): Found 1 design units, including 1 entities, in source file contador_bcd_3digitos.v
    Info (12023): Found entity 1: contador_bcd_3digitos File: /home/lena/Lab-DigII/repo/LabDigII/Cyclone_Cruiser/Qar/semana1_1_restored/contador_bcd_3digitos.v Line: 14
Info (12021): Found 1 design units, including 1 entities, in source file circuito_pwm.v
    Info (12023): Found entity 1: circuito_pwm File: /home/lena/Lab-DigII/repo/LabDigII/Cyclone_Cruiser/Qar/semana1_1_restored/circuito_pwm.v Line: 15
Info (12021): Found 1 design units, including 1 entities, in source file comparador_4bit.v
    Info (12023): Found entity 1: comparador_4bit File: /home/lena/Lab-DigII/repo/LabDigII/Cyclone_Cruiser/Qar/semana1_1_restored/comparador_4bit.v Line: 2
Info (12021): Found 1 design units, including 1 entities, in source file comparador_1bit.v
    Info (12023): Found entity 1: comparador_1bit File: /home/lena/Lab-DigII/repo/LabDigII/Cyclone_Cruiser/Qar/semana1_1_restored/comparador_1bit.v Line: 1
Info (12021): Found 1 design units, including 1 entities, in source file tb_interface_wheel.v
    Info (12023): Found entity 1: tb_interface_wheel File: /home/lena/Lab-DigII/repo/LabDigII/Cyclone_Cruiser/Qar/semana1_1_restored/tb_interface_wheel.v Line: 3
Warning (10236): Verilog HDL Implicit Net warning at trena_digital_fd.v(94): created implicit net for "zera" File: /home/lena/Lab-DigII/repo/LabDigII/Cyclone_Cruiser/Qar/semana1_1_restored/trena_digital_fd.v Line: 94
Critical Warning (10846): Verilog HDL Instantiation warning at trena_digital_fd.v(104): instance has no name File: /home/lena/Lab-DigII/repo/LabDigII/Cyclone_Cruiser/Qar/semana1_1_restored/trena_digital_fd.v Line: 104
Info (12127): Elaborating entity "interface_wheel" for the top level hierarchy
Warning (10036): Verilog HDL or VHDL warning at interface_wheel.v(18): object "A_prev" assigned a value but never read File: /home/lena/Lab-DigII/repo/LabDigII/Cyclone_Cruiser/Qar/semana1_1_restored/interface_wheel.v Line: 18
Warning (10034): Output port "hex1_out" at interface_wheel.v(15) has no driver File: /home/lena/Lab-DigII/repo/LabDigII/Cyclone_Cruiser/Qar/semana1_1_restored/interface_wheel.v Line: 15
Info (12128): Elaborating entity "interface_wheel_uc" for hierarchy "interface_wheel_uc:UC" File: /home/lena/Lab-DigII/repo/LabDigII/Cyclone_Cruiser/Qar/semana1_1_restored/interface_wheel.v Line: 32
Info (10264): Verilog HDL Case Statement information at interface_wheel_uc.v(38): all case item expressions in this case statement are onehot File: /home/lena/Lab-DigII/repo/LabDigII/Cyclone_Cruiser/Qar/semana1_1_restored/interface_wheel_uc.v Line: 38
Info (12128): Elaborating entity "interface_wheel_fd" for hierarchy "interface_wheel_fd:FD" File: /home/lena/Lab-DigII/repo/LabDigII/Cyclone_Cruiser/Qar/semana1_1_restored/interface_wheel.v Line: 45
Info (12128): Elaborating entity "registrador_n" for hierarchy "interface_wheel_fd:FD|registrador_n:regs1" File: /home/lena/Lab-DigII/repo/LabDigII/Cyclone_Cruiser/Qar/semana1_1_restored/interface_wheel_fd.v Line: 27
Info (12128): Elaborating entity "contador_m" for hierarchy "interface_wheel_fd:FD|contador_m:CONT_CW" File: /home/lena/Lab-DigII/repo/LabDigII/Cyclone_Cruiser/Qar/semana1_1_restored/interface_wheel_fd.v Line: 41
Info (12128): Elaborating entity "mux_4x1_n" for hierarchy "interface_wheel_fd:FD|mux_4x1_n:mux_sentido" File: /home/lena/Lab-DigII/repo/LabDigII/Cyclone_Cruiser/Qar/semana1_1_restored/interface_wheel_fd.v Line: 67
Info (12128): Elaborating entity "comparador_4bit" for hierarchy "interface_wheel_fd:FD|comparador_4bit:comp" File: /home/lena/Lab-DigII/repo/LabDigII/Cyclone_Cruiser/Qar/semana1_1_restored/interface_wheel_fd.v Line: 73
Info (12128): Elaborating entity "comparador_1bit" for hierarchy "interface_wheel_fd:FD|comparador_4bit:comp|comparador_1bit:BL3" File: /home/lena/Lab-DigII/repo/LabDigII/Cyclone_Cruiser/Qar/semana1_1_restored/comparador_4bit.v Line: 9
Info (12128): Elaborating entity "registrador_n" for hierarchy "registrador_n:regs_cw" File: /home/lena/Lab-DigII/repo/LabDigII/Cyclone_Cruiser/Qar/semana1_1_restored/interface_wheel.v Line: 56
Info (12128): Elaborating entity "hexa7seg" for hierarchy "hexa7seg:HEX_0" File: /home/lena/Lab-DigII/repo/LabDigII/Cyclone_Cruiser/Qar/semana1_1_restored/interface_wheel.v Line: 71
Warning (12241): 2 hierarchies have connectivity warnings - see the Connectivity Checks report folder
Warning (13024): Output pins are stuck at VCC or GND
    Warning (13410): Pin "hex1_out[0]" is stuck at GND File: /home/lena/Lab-DigII/repo/LabDigII/Cyclone_Cruiser/Qar/semana1_1_restored/interface_wheel.v Line: 15
    Warning (13410): Pin "hex1_out[1]" is stuck at GND File: /home/lena/Lab-DigII/repo/LabDigII/Cyclone_Cruiser/Qar/semana1_1_restored/interface_wheel.v Line: 15
    Warning (13410): Pin "hex1_out[2]" is stuck at GND File: /home/lena/Lab-DigII/repo/LabDigII/Cyclone_Cruiser/Qar/semana1_1_restored/interface_wheel.v Line: 15
    Warning (13410): Pin "hex1_out[3]" is stuck at GND File: /home/lena/Lab-DigII/repo/LabDigII/Cyclone_Cruiser/Qar/semana1_1_restored/interface_wheel.v Line: 15
    Warning (13410): Pin "hex1_out[4]" is stuck at GND File: /home/lena/Lab-DigII/repo/LabDigII/Cyclone_Cruiser/Qar/semana1_1_restored/interface_wheel.v Line: 15
    Warning (13410): Pin "hex1_out[5]" is stuck at GND File: /home/lena/Lab-DigII/repo/LabDigII/Cyclone_Cruiser/Qar/semana1_1_restored/interface_wheel.v Line: 15
    Warning (13410): Pin "hex1_out[6]" is stuck at GND File: /home/lena/Lab-DigII/repo/LabDigII/Cyclone_Cruiser/Qar/semana1_1_restored/interface_wheel.v Line: 15
Info (286030): Timing-Driven Synthesis is running
Info (17049): 3 registers lost all their fanouts during netlist optimizations.
Info (144001): Generated suppressed messages file /home/lena/Lab-DigII/repo/LabDigII/Cyclone_Cruiser/Qar/semana1_1_restored/output_files/exp5.map.smsg
Info (16010): Generating hard_block partition "hard_block:auto_generated_inst"
    Info (16011): Adding 0 node(s), including 0 DDIO, 0 PLL, 0 transceiver and 0 LCELL
Info (21057): Implemented 62 device resources after synthesis - the final resource count might be different
    Info (21058): Implemented 4 input pins
    Info (21059): Implemented 22 output pins
    Info (21061): Implemented 36 logic cells
Info: Quartus Prime Analysis & Synthesis was successful. 0 errors, 14 warnings
    Info: Peak virtual memory: 487 megabytes
    Info: Processing ended: Wed Oct 23 11:01:28 2024
    Info: Elapsed time: 00:00:07
    Info: Total CPU time (on all processors): 00:00:17


+------------------------------------------+
; Analysis & Synthesis Suppressed Messages ;
+------------------------------------------+
The suppressed messages can be found in /home/lena/Lab-DigII/repo/LabDigII/Cyclone_Cruiser/Qar/semana1_1_restored/output_files/exp5.map.smsg.


